\BOOKMARK [0][-]{chapter*.1}{\376\377\000A\000c\000k\000n\000o\000w\000l\000e\000d\000g\000m\000e\000n\000t\000s}{}% 1
\BOOKMARK [0][-]{chapter*.2}{\376\377\000A\000b\000s\000t\000r\000a\000c\000t}{}% 2
\BOOKMARK [0][-]{chapter*.3}{\376\377\000S\000a\000m\000m\000a\000n\000f\000a\000t\000t\000n\000i\000n\000g}{}% 3
\BOOKMARK [0][-]{chapter*.4}{\376\377\000T\000h\000e\000s\000i\000s}{}% 4
\BOOKMARK [0][-]{chapter.1}{\376\377\000I\000n\000t\000r\000o\000d\000u\000c\000t\000i\000o\000n}{}% 5
\BOOKMARK [1][-]{section.1.1}{\376\377\000W\000h\000y\000\040\000l\000e\000a\000r\000n\000\040\000L\000a\000T\000e\000X}{chapter.1}% 6
\BOOKMARK [1][-]{section.1.2}{\376\377\000A\000n\000o\000t\000h\000e\000r\000\040\000P\000a\000r\000t\000\040\000o\000f\000\040\000t\000h\000e\000\040\000I\000n\000t\000r\000o\000d\000u\000c\000t\000i\000o\000n}{chapter.1}% 7
\BOOKMARK [1][-]{section.1.3}{\376\377\000P\000r\000o\000b\000l\000e\000m\000\040\000F\000o\000r\000m\000u\000l\000a\000t\000i\000o\000n}{chapter.1}% 8
\BOOKMARK [1][-]{section.1.4}{\376\377\000K\000n\000o\000w\000l\000e\000d\000g\000e\000\040\000G\000a\000p\000s}{chapter.1}% 9
\BOOKMARK [0][-]{chapter.2}{\376\377\000R\000e\000s\000e\000a\000r\000c\000h\000\040\000M\000e\000t\000h\000o\000d\000o\000l\000o\000g\000y}{}% 10
\BOOKMARK [1][-]{section.2.1}{\376\377\000P\000u\000r\000p\000o\000s\000e\000\040\000a\000n\000d\000\040\000A\000i\000m}{chapter.2}% 11
\BOOKMARK [1][-]{section.2.2}{\376\377\000R\000e\000s\000e\000a\000r\000c\000h\000\040\000D\000e\000s\000i\000g\000n}{chapter.2}% 12
\BOOKMARK [1][-]{section.2.3}{\376\377\000M\000a\000t\000e\000r\000i\000a\000l\000s\000\040\000a\000n\000d\000\040\000M\000e\000t\000h\000o\000d\000s}{chapter.2}% 13
\BOOKMARK [2][-]{subsection.2.3.1}{\376\377\000O\000f\000\040\000c\000o\000u\000r\000s\000e\000\040\000y\000o\000u\000\040\000c\000a\000n\000\040\000a\000l\000s\000o\000\040\000d\000o\000\040\000s\000u\000b\000s\000e\000c\000t\000i\000o\000n\000s}{section.2.3}% 14
\BOOKMARK [0][-]{chapter.3}{\376\377\000S\000u\000m\000m\000a\000r\000y\000\040\000o\000f\000\040\000R\000e\000s\000u\000l\000t\000s\000\040\000a\000n\000d\000\040\000D\000i\000s\000c\000u\000s\000s\000i\000o\000n}{}% 15
\BOOKMARK [1][-]{section.3.1}{\376\377\000A\000n\000o\000t\000h\000e\000r\000\040\000s\000e\000c\000t\000i\000o\000n}{chapter.3}% 16
\BOOKMARK [0][-]{chapter.4}{\376\377\000C\000o\000n\000c\000l\000u\000s\000i\000o\000n\000s}{}% 17
\BOOKMARK [0][-]{chapter.5}{\376\377\000F\000u\000t\000u\000r\000e\000\040\000W\000o\000r\000k}{}% 18
\BOOKMARK [0][-]{chapter.6}{\376\377\000A\000p\000p\000e\000n\000d\000e\000d\000\040\000P\000a\000p\000e\000r\000s}{}% 19
\BOOKMARK [0][-]{chapter*.9}{\376\377\000B\000i\000b\000l\000i\000o\000g\000r\000a\000p\000h\000y}{}% 20
\BOOKMARK [0][-]{chapter*.10}{\376\377\000P\000a\000p\000e\000r\000\040\000I}{}% 21
